To honour the JVM settings for this build a single-use Daemon process will be forked. For more on this, please refer to https://docs.gradle.org/8.5/userguide/gradle_daemon.html#sec:disabling_the_daemon in the Gradle documentation.
Daemon will be stopped at the end of the build

> Configure project :
MixinGradle is skipping eclipse integration, extension not found
Java: 17.0.19 JVM: 17.0.19+10-1-24.04.2-Ubuntu(Ubuntu) Arch: amd64

FAILURE: Build failed with an exception.

* Where:
Build file '/app/build.gradle' line: 39

* What went wrong:
A problem occurred evaluating root project 'app'.
> Could not get unknown property 'api' for SourceSet container of type org.gradle.api.internal.tasks.DefaultSourceSetContainer.

* Try:
> Run with --stacktrace option to get the stack trace.
> Run with --info or --debug option to get more log output.
> Run with --scan to get full insights.
> Get more help at https://help.gradle.org.

Deprecated Gradle features were used in this build, making it incompatible with Gradle 9.0.

You can use '--warning-mode all' to show the individual deprecation warnings and determine if they come from your own scripts or plugins.

For more on this, please refer to https://docs.gradle.org/8.5/userguide/command_line_interface.html#sec:command_line_warnings in the Gradle documentation.

BUILD FAILED in 7s
